
R version 4.4.0 (2024-04-24) -- "Puppy Cup"
Copyright (C) 2024 The R Foundation for Statistical Computing
Platform: x86_64-pc-linux-gnu

R is free software and comes with ABSOLUTELY NO WARRANTY.
You are welcome to redistribute it under certain conditions.
Type 'license()' or 'licence()' for distribution details.

  Natural language support but running in an English locale

R is a collaborative project with many contributors.
Type 'contributors()' for more information and
'citation()' on how to cite R or R packages in publications.

Type 'demo()' for some demos, 'help()' for on-line help, or
'help.start()' for an HTML browser interface to help.
Type 'q()' to quit R.

[Previously saved workspace restored]

> # Test script
> # Loads TwoSampleMR and all its dependency packages
> library(TwoSampleMR)
TwoSampleMR version 0.6.2 
[>] New: Improved API performance and stability
[>] New: Authentication required for all OpenGWAS queries from 1st May 2024
[>] For guidance see https://mrcieu.github.io/ieugwasr/articles/guide.html#authentication

> 
> packageVersion("TwoSampleMR")
[1] ‘0.6.2’
> 
> # Imports packages (from TwoSampleMR DESCRIPTION file)
> library(cowplot)
> library(data.table)
> library(plyr)
Error: package or namespace load failed for ‘plyr’ in dyn.load(file, DLLpath = DLLpath, ...):
 unable to load shared object '/usr/local/lib/R/site-library/Rcpp/libs/Rcpp.so':
  /usr/lib/x86_64-linux-gnu/libstdc++.so.6: version `GLIBCXX_3.4.32' not found (required by /usr/local/lib/R/site-library/Rcpp/libs/Rcpp.so)
Execution halted
